// Jest Snapshot v1, https://goo.gl/fbAQLP

exports[`<CartItem /> should render correctly 1`] = `
.c8 {
  border: 2px solid #e7e7e9;
  padding: 0.8rem 1.6rem;
}

.c0 {
  display: -webkit-box;
  display: -webkit-flex;
  display: -ms-flexbox;
  display: flex;
  width: 100%;
}

.c1 {
  margin-right: 1.6rem;
}

.c2 {
  -webkit-flex: 1;
  -ms-flex: 1;
  flex: 1;
}

.c3 {
  display: -webkit-box;
  display: -webkit-flex;
  display: -ms-flexbox;
  display: flex;
  -webkit-box-pack: justify;
  -webkit-justify-content: space-between;
  -ms-flex-pack: justify;
  justify-content: space-between;
  font-size: 1.4rem;
  font-weight: 400;
  color: #6c6b76;
  margin: 1.6rem 0;
}

.c4 {
  color: #383743;
  font-size: 1.6rem;
  font-weight: 400;
}

.c9 {
  width: 5rem;
  padding: 0.3rem 0.8rem;
}

.c5 {
  cursor: pointer;
}

.c6 {
  display: -webkit-inline-box;
  display: -webkit-inline-flex;
  display: -ms-inline-flexbox;
  display: inline-flex;
  font-size: 1.4rem;
  font-weight: 600;
  color: #5f2eff;
  color: #6c6b76;
  -webkit-text-decoration: line-through;
  text-decoration: line-through;
  margin-right: 1.6rem;
  font-weight: 400;
}

.c7 {
  display: -webkit-inline-box;
  display: -webkit-inline-flex;
  display: -ms-inline-flexbox;
  display: inline-flex;
  font-size: 1.4rem;
  font-weight: 600;
  color: #5f2eff;
  color: #383743;
}

<div
  class="c0"
  data-cy="cart-item"
>
  <div
    class="c1"
  >
    <div
      style="display: inline-block; max-width: 100%; overflow: hidden; position: relative; box-sizing: border-box; margin: 0px;"
    >
      <div
        style="box-sizing: border-box; display: block; max-width: 100%;"
      >
        <img
          alt=""
          aria-hidden="true"
          src="data:image/svg+xml;base64,PHN2ZyB3aWR0aD0iNjQiIGhlaWdodD0iNjQiIHhtbG5zPSJodHRwOi8vd3d3LnczLm9yZy8yMDAwL3N2ZyIgdmVyc2lvbj0iMS4xIi8+"
          style="max-width: 100%; display: block; margin: 0px; padding: 0px;"
        />
      </div>
      <img
        alt="Barkyn Cannabis Oil para cães"
        data-nimg="intrinsic"
        decoding="async"
        src="data:image/gif;base64,R0lGODlhAQABAIAAAAAAAP///yH5BAEAAAAALAAAAAABAAEAAAIBRAA7"
        style="position: absolute; top: 0px; left: 0px; bottom: 0px; right: 0px; box-sizing: border-box; padding: 0px; margin: auto; display: block; width: 0px; height: 0px; min-width: 100%; max-width: 100%; min-height: 100%; max-height: 100%;"
      />
      <noscript />
    </div>
  </div>
  <div
    class="c2"
  >
    <div
      class="c3"
    >
      <h3
        class="c4"
      >
        Barkyn Cannabis Oil para cães
      </h3>
      <div
        aria-label="Remove Barkyn Cannabis Oil para cães"
        class="c5"
        role="button"
      >
        <div
          style="display: inline-block; max-width: 100%; overflow: hidden; position: relative; box-sizing: border-box; margin: 0px;"
        >
          <div
            style="box-sizing: border-box; display: block; max-width: 100%;"
          >
            <img
              alt=""
              aria-hidden="true"
              src="data:image/svg+xml;base64,PHN2ZyB3aWR0aD0iMjAiIGhlaWdodD0iMjAiIHhtbG5zPSJodHRwOi8vd3d3LnczLm9yZy8yMDAwL3N2ZyIgdmVyc2lvbj0iMS4xIi8+"
              style="max-width: 100%; display: block; margin: 0px; padding: 0px;"
            />
          </div>
          <img
            data-nimg="intrinsic"
            decoding="async"
            src="data:image/gif;base64,R0lGODlhAQABAIAAAAAAAP///yH5BAEAAAAALAAAAAABAAEAAAIBRAA7"
            style="position: absolute; top: 0px; left: 0px; bottom: 0px; right: 0px; box-sizing: border-box; padding: 0px; margin: auto; display: block; width: 0px; height: 0px; min-width: 100%; max-width: 100%; min-height: 100%; max-height: 100%;"
          />
          <noscript />
        </div>
      </div>
    </div>
    <div
      class="c3"
    >
      <span>
        Price
      </span>
      <div>
        <div
          class="c6"
        >
          2.29
        </div>
        <div
          class="c7"
        >
          2.24
        </div>
      </div>
    </div>
    <div
      class="c3"
    >
      <span>
        Package
      </span>
      <span>
        170g
      </span>
    </div>
    <div
      class="c3"
    >
      <label
        for="quantity"
      >
        Quantity
      </label>
      <span>
        <select
          class="c8 c9"
          id="quantity"
          min="1"
          name="quantity"
          type="number"
        >
          <option
            value="1"
          >
            1
          </option>
          <option
            value="2"
          >
            2
          </option>
          <option
            value="3"
          >
            3
          </option>
          <option
            value="4"
          >
            4
          </option>
        </select>
      </span>
    </div>
  </div>
</div>
`
