// Jest Snapshot v1, https://goo.gl/fbAQLP

exports[`<CartAmount /> should show free when shipping is empty 1`] = `
.c0 {
  display: -webkit-box;
  display: -webkit-flex;
  display: -ms-flexbox;
  display: flex;
  -webkit-box-pack: justify;
  -webkit-justify-content: space-between;
  -ms-flex-pack: justify;
  justify-content: space-between;
  font-size: 1.4rem;
  font-weight: 400;
  color: #383743;
  margin: 1.6rem 0;
}

.c0:nth-child(3) {
  border-top: 1px solid #e7e7e9;
  padding-top: 1.6rem;
}

.c1 {
  color: #00b856;
  font-size: 1.2rem;
}

<div
  class=""
>
  <div
    class="c0"
  >
    <span>
      Subtotal
    </span>
    <strong>
      2.9
    </strong>
  </div>
  <div
    class="c0"
  >
    <span>
      Shipping
    </span>
    <strong
      class="c1"
    >
      Free
    </strong>
  </div>
  <div
    class="c0"
  >
    <span>
      Total
    </span>
    <strong>
      2.9
    </strong>
  </div>
</div>
`
