// Jest Snapshot v1, https://goo.gl/fbAQLP

exports[`<OrderItem /> should render correctly 1`] = `
.c0 {
  display: -webkit-box;
  display: -webkit-flex;
  display: -ms-flexbox;
  display: flex;
  width: 100%;
}

.c1 {
  margin-right: 1.6rem;
}

.c2 {
  width: 100%;
  display: -webkit-box;
  display: -webkit-flex;
  display: -ms-flexbox;
  display: flex;
  -webkit-flex-direction: column;
  -ms-flex-direction: column;
  flex-direction: column;
  -webkit-box-pack: justify;
  -webkit-justify-content: space-between;
  -ms-flex-pack: justify;
  justify-content: space-between;
}

.c3 {
  font-size: 1.6rem;
  font-weight: 400;
}

.c4 {
  display: -webkit-box;
  display: -webkit-flex;
  display: -ms-flexbox;
  display: flex;
  -webkit-box-pack: justify;
  -webkit-justify-content: space-between;
  -ms-flex-pack: justify;
  justify-content: space-between;
}

.c4 span {
  color: #6c6b76;
}

<div
  class="c0"
>
  <div
    class="c1"
  >
    <div
      style="display: inline-block; max-width: 100%; overflow: hidden; position: relative; box-sizing: border-box; margin: 0px;"
    >
      <div
        style="box-sizing: border-box; display: block; max-width: 100%;"
      >
        <img
          alt=""
          aria-hidden="true"
          src="data:image/svg+xml;base64,PHN2ZyB3aWR0aD0iNjQiIGhlaWdodD0iNjQiIHhtbG5zPSJodHRwOi8vd3d3LnczLm9yZy8yMDAwL3N2ZyIgdmVyc2lvbj0iMS4xIi8+"
          style="max-width: 100%; display: block; margin: 0px; padding: 0px;"
        />
      </div>
      <img
        alt="2x Barkyn Cannabis Oil para cães"
        data-nimg="intrinsic"
        decoding="async"
        src="data:image/gif;base64,R0lGODlhAQABAIAAAAAAAP///yH5BAEAAAAALAAAAAABAAEAAAIBRAA7"
        style="position: absolute; top: 0px; left: 0px; bottom: 0px; right: 0px; box-sizing: border-box; padding: 0px; margin: auto; display: block; width: 0px; height: 0px; min-width: 100%; max-width: 100%; min-height: 100%; max-height: 100%;"
      />
      <noscript />
    </div>
  </div>
  <div
    class="c2"
  >
    <h3
      class="c3"
    >
      2x Barkyn Cannabis Oil para cães
    </h3>
    <div
      class="c4"
    >
      <span>
        Price
      </span>
      <strong>
        4.58
      </strong>
    </div>
  </div>
</div>
`
