// Jest Snapshot v1, https://goo.gl/fbAQLP

exports[
  `<PromotionalPrice /> should render a line-through in price when promotional 1`
] = `
.c0 {
  display: -webkit-inline-box;
  display: -webkit-inline-flex;
  display: -ms-inline-flexbox;
  display: inline-flex;
  font-size: 1.4rem;
  font-weight: 600;
  color: #5f2eff;
  color: #6c6b76;
  -webkit-text-decoration: line-through;
  text-decoration: line-through;
  margin-right: 1.6rem;
  font-weight: 400;
}

.c1 {
  display: -webkit-inline-box;
  display: -webkit-inline-flex;
  display: -ms-inline-flexbox;
  display: inline-flex;
  font-size: 1.4rem;
  font-weight: 600;
  color: #5f2eff;
}

<div>
  <div
    class="c0"
  >
    2.29
  </div>
  <div
    class="c1"
  >
    1.29
  </div>
</div>
`
