// Jest Snapshot v1, https://goo.gl/fbAQLP

exports[`<HeaderBar /> should render the heading 1`] = `
.c0 {
  height: 7rem;
  background-color: #fff;
  box-shadow: 0px 2px 8px 0px rgba(18,18,23,0.08);
  padding: 0.8rem;
}

<header
  class="c0"
>
  <h1>
    Barkyn
  </h1>
</header>
`
